<html>
<body>
<pre>
<h1>µVision Build Log</h1>
<h2>Project:</h2>
E:\GridChip\STM\STM32_Virtual_COM_2014_0124_usb_ltc_btc_ok\STM32_Virtual_COM_2014_0124_usb_ltc_btc_ok\STM32_Virtual_COM\Projects\Virtual_COM_Port\MDK-ARM\VirtualCOMPort.uvproj
Project File Date:  01/24/2014

<h2>Output:</h2>
Build target 'STM3210B-EVAL'
compiling misc.c...
compiling hw_config.c...
..\src\hw_config.c(95): warning:  #177-D: variable "i" was declared but never referenced
..\src\hw_config.c:     uint32_t i;
..\src\hw_config.c:              ^
..\src\hw_config.c(420): warning:  #177-D: variable "init" was declared but never referenced
..\src\hw_config.c:     int static init = 0;
..\src\hw_config.c:                ^
..\src\hw_config.c(501): warning:  #111-D: statement is unreachable
..\src\hw_config.c:     switch (linecoding.format)
..\src\hw_config.c:     ^
..\src\hw_config.c: ..\src\hw_config.c: 3 warnings, 0 errors
compiling main.c...
..\src\main.c(74): warning:  #177-D: variable "i" was declared but never referenced
..\src\main.c:       int i;
..\src\main.c:           ^
..\src\main.c: ..\src\main.c: 1 warning, 0 errors
compiling usb_desc.c...
compiling usb_endp.c...
..\src\usb_endp.c(65): warning:  #177-D: variable "USB_Tx_ptr" was declared but never referenced
..\src\usb_endp.c:     uint16_t USB_Tx_ptr;
..\src\usb_endp.c:              ^
..\src\usb_endp.c(66): warning:  #177-D: variable "USB_Tx_length" was declared but never referenced
..\src\usb_endp.c:     uint16_t USB_Tx_length;
..\src\usb_endp.c:              ^
..\src\usb_endp.c: ..\src\usb_endp.c: 2 warnings, 0 errors
compiling usb_istr.c...
compiling usb_prop.c...
compiling usb_pwr.c...
compiling stm32_it.c...
compiling debug.c...
compiling timer.c...
compiling trans_buffers.c...
..\src\trans_buffers.c(231): warning:  #1-D: last line of file ends without a newline
..\src\trans_buffers.c:   }
..\src\trans_buffers.c:    ^
..\src\trans_buffers.c: ..\src\trans_buffers.c: 1 warning, 0 errors
compiling miner.c...
..\src\miner.c(65): warning:  #940-D: missing return statement at end of non-void function "reset_task_fifo"
..\src\miner.c:   }
..\src\miner.c:   ^
..\src\miner.c(142): warning:  #177-D: variable "nonce_min" was declared but never referenced
..\src\miner.c:         static u32 nonce_min;
..\src\miner.c:                    ^
..\src\miner.c(143): warning:  #177-D: variable "nonce_max" was declared but never referenced
..\src\miner.c:         static u32 nonce_max;
..\src\miner.c:                    ^
..\src\miner.c(387): warning:  #1293-D: assignment in condition
..\src\miner.c:         while (length = get_trans_buffer_cmd(&usb_trans_buffer,p))
..\src\miner.c:                ^
..\src\miner.c(98): warning:  #177-D: function "get_task_fifo_length" was declared but never referenced
..\src\miner.c:   static u32 get_task_fifo_length(TASK_FIFO *tf)
..\src\miner.c:              ^
..\src\miner.c(190): warning:  #177-D: function "trans_cpm_cmd" was declared but never referenced
..\src\miner.c:   static void trans_cpm_cmd(u8 * cmd, u32 cmd_len)
..\src\miner.c:               ^
..\src\miner.c(245): warning:  #177-D: function "process_cpm_cmd" was declared but never referenced
..\src\miner.c:   static void process_cpm_cmd(u8 *cmd, u32 cmd_len)
..\src\miner.c:               ^
..\src\miner.c: ..\src\miner.c: 7 warnings, 0 errors
compiling delay.c...
compiling system_stm32f10x.c...
assembling startup_stm32f10x_md.s...
compiling usb_core.c...
compiling usb_init.c...
compiling usb_int.c...
compiling usb_mem.c...
compiling usb_regs.c...
compiling usb_sil.c...
compiling stm32f10x_usart.c...
compiling stm32f10x_gpio.c...
compiling stm32f10x_rcc.c...
compiling stm32f10x_flash.c...
compiling stm32f10x_exti.c...
compiling stm32f10x_spi.c...
compiling stm32f10x_dma.c...
compiling stm32f10x_i2c.c...
compiling stm32f10x_sdio.c...
compiling stm32f10x_tim.c...
compiling stm3210b_eval.c...
linking...
Program Size: Code=10460 RO-data=632 RW-data=972 ZI-data=5996  
FromELF: creating hex file...
".\STM3210B-EVAL\STM3210B-EVAL.axf" - 0 Error(s), 14 Warning(s).
Clean started: Project: 'VirtualCOMPort'
   deleting intermediate output files for target 'STM3210B-EVAL'
   deleting intermediate output files for target 'STM3210E-EVAL'
   deleting intermediate output files for target 'STM3210E-EVAL_XL'
Build target 'STM3210B-EVAL'
compiling misc.c...
compiling hw_config.c...
..\src\hw_config.c(95): warning:  #177-D: variable "i" was declared but never referenced
..\src\hw_config.c:     uint32_t i;
..\src\hw_config.c:              ^
..\src\hw_config.c(420): warning:  #177-D: variable "init" was declared but never referenced
..\src\hw_config.c:     int static init = 0;
..\src\hw_config.c:                ^
..\src\hw_config.c(501): warning:  #111-D: statement is unreachable
..\src\hw_config.c:     switch (linecoding.format)
..\src\hw_config.c:     ^
..\src\hw_config.c: ..\src\hw_config.c: 3 warnings, 0 errors
compiling main.c...
..\src\main.c(74): warning:  #177-D: variable "i" was declared but never referenced
..\src\main.c:       int i;
..\src\main.c:           ^
..\src\main.c: ..\src\main.c: 1 warning, 0 errors
compiling usb_desc.c...
compiling usb_endp.c...
..\src\usb_endp.c(65): warning:  #177-D: variable "USB_Tx_ptr" was declared but never referenced
..\src\usb_endp.c:     uint16_t USB_Tx_ptr;
..\src\usb_endp.c:              ^
..\src\usb_endp.c(66): warning:  #177-D: variable "USB_Tx_length" was declared but never referenced
..\src\usb_endp.c:     uint16_t USB_Tx_length;
..\src\usb_endp.c:              ^
..\src\usb_endp.c: ..\src\usb_endp.c: 2 warnings, 0 errors
compiling usb_istr.c...
compiling usb_prop.c...
compiling usb_pwr.c...
compiling stm32_it.c...
compiling debug.c...
compiling timer.c...
compiling trans_buffers.c...
..\src\trans_buffers.c(231): warning:  #1-D: last line of file ends without a newline
..\src\trans_buffers.c:   }
..\src\trans_buffers.c:    ^
..\src\trans_buffers.c: ..\src\trans_buffers.c: 1 warning, 0 errors
compiling miner.c...
..\src\miner.c(65): warning:  #940-D: missing return statement at end of non-void function "reset_task_fifo"
..\src\miner.c:   }
..\src\miner.c:   ^
..\src\miner.c(142): warning:  #177-D: variable "nonce_min" was declared but never referenced
..\src\miner.c:         static u32 nonce_min;
..\src\miner.c:                    ^
..\src\miner.c(143): warning:  #177-D: variable "nonce_max" was declared but never referenced
..\src\miner.c:         static u32 nonce_max;
..\src\miner.c:                    ^
..\src\miner.c(387): warning:  #1293-D: assignment in condition
..\src\miner.c:         while (length = get_trans_buffer_cmd(&usb_trans_buffer,p))
..\src\miner.c:                ^
..\src\miner.c(98): warning:  #177-D: function "get_task_fifo_length" was declared but never referenced
..\src\miner.c:   static u32 get_task_fifo_length(TASK_FIFO *tf)
..\src\miner.c:              ^
..\src\miner.c(190): warning:  #177-D: function "trans_cpm_cmd" was declared but never referenced
..\src\miner.c:   static void trans_cpm_cmd(u8 * cmd, u32 cmd_len)
..\src\miner.c:               ^
..\src\miner.c(245): warning:  #177-D: function "process_cpm_cmd" was declared but never referenced
..\src\miner.c:   static void process_cpm_cmd(u8 *cmd, u32 cmd_len)
..\src\miner.c:               ^
..\src\miner.c: ..\src\miner.c: 7 warnings, 0 errors
compiling delay.c...
compiling system_stm32f10x.c...
assembling startup_stm32f10x_md.s...
compiling usb_core.c...
compiling usb_init.c...
compiling usb_int.c...
compiling usb_mem.c...
compiling usb_regs.c...
compiling usb_sil.c...
compiling stm32f10x_usart.c...
compiling stm32f10x_gpio.c...
compiling stm32f10x_rcc.c...
compiling stm32f10x_flash.c...
compiling stm32f10x_exti.c...
compiling stm32f10x_spi.c...
compiling stm32f10x_dma.c...
compiling stm32f10x_i2c.c...
compiling stm32f10x_sdio.c...
compiling stm32f10x_tim.c...
compiling stm3210b_eval.c...
linking...
Program Size: Code=10460 RO-data=632 RW-data=972 ZI-data=5996  
FromELF: creating hex file...
".\STM3210B-EVAL\STM3210B-EVAL.axf" - 0 Error(s), 14 Warning(s).
Build target 'STM3210B-EVAL'
linking...
Program Size: Code=10460 RO-data=632 RW-data=972 ZI-data=5996  
FromELF: creating hex file...
".\STM3210B-EVAL\STM3210B-EVAL.axf" - 0 Error(s), 0 Warning(s).
Build target 'STM3210B-EVAL'
compiling misc.c...
compiling hw_config.c...
..\src\hw_config.c(95): warning:  #177-D: variable "i" was declared but never referenced
..\src\hw_config.c:     uint32_t i;
..\src\hw_config.c:              ^
..\src\hw_config.c(420): warning:  #177-D: variable "init" was declared but never referenced
..\src\hw_config.c:     int static init = 0;
..\src\hw_config.c:                ^
..\src\hw_config.c(501): warning:  #111-D: statement is unreachable
..\src\hw_config.c:     switch (linecoding.format)
..\src\hw_config.c:     ^
..\src\hw_config.c: ..\src\hw_config.c: 3 warnings, 0 errors
compiling main.c...
..\src\main.c(74): warning:  #177-D: variable "i" was declared but never referenced
..\src\main.c:       int i;
..\src\main.c:           ^
..\src\main.c: ..\src\main.c: 1 warning, 0 errors
compiling usb_desc.c...
compiling usb_endp.c...
..\src\usb_endp.c(65): warning:  #177-D: variable "USB_Tx_ptr" was declared but never referenced
..\src\usb_endp.c:     uint16_t USB_Tx_ptr;
..\src\usb_endp.c:              ^
..\src\usb_endp.c(66): warning:  #177-D: variable "USB_Tx_length" was declared but never referenced
..\src\usb_endp.c:     uint16_t USB_Tx_length;
..\src\usb_endp.c:              ^
..\src\usb_endp.c: ..\src\usb_endp.c: 2 warnings, 0 errors
compiling usb_istr.c...
compiling usb_prop.c...
compiling usb_pwr.c...
compiling stm32_it.c...
compiling debug.c...
compiling timer.c...
compiling trans_buffers.c...
..\src\trans_buffers.c(231): warning:  #1-D: last line of file ends without a newline
..\src\trans_buffers.c:   }
..\src\trans_buffers.c:    ^
..\src\trans_buffers.c: ..\src\trans_buffers.c: 1 warning, 0 errors
compiling miner.c...
..\src\miner.c(65): warning:  #940-D: missing return statement at end of non-void function "reset_task_fifo"
..\src\miner.c:   }
..\src\miner.c:   ^
..\src\miner.c(142): warning:  #177-D: variable "nonce_min" was declared but never referenced
..\src\miner.c:         static u32 nonce_min;
..\src\miner.c:                    ^
..\src\miner.c(143): warning:  #177-D: variable "nonce_max" was declared but never referenced
..\src\miner.c:         static u32 nonce_max;
..\src\miner.c:                    ^
..\src\miner.c(387): warning:  #1293-D: assignment in condition
..\src\miner.c:         while (length = get_trans_buffer_cmd(&usb_trans_buffer,p))
..\src\miner.c:                ^
..\src\miner.c(98): warning:  #177-D: function "get_task_fifo_length" was declared but never referenced
..\src\miner.c:   static u32 get_task_fifo_length(TASK_FIFO *tf)
..\src\miner.c:              ^
..\src\miner.c(190): warning:  #177-D: function "trans_cpm_cmd" was declared but never referenced
..\src\miner.c:   static void trans_cpm_cmd(u8 * cmd, u32 cmd_len)
..\src\miner.c:               ^
..\src\miner.c(245): warning:  #177-D: function "process_cpm_cmd" was declared but never referenced
..\src\miner.c:   static void process_cpm_cmd(u8 *cmd, u32 cmd_len)
..\src\miner.c:               ^
..\src\miner.c: ..\src\miner.c: 7 warnings, 0 errors
compiling delay.c...
compiling system_stm32f10x.c...
assembling startup_stm32f10x_md.s...
compiling usb_core.c...
compiling usb_init.c...
compiling usb_int.c...
compiling usb_mem.c...
compiling usb_regs.c...
compiling usb_sil.c...
compiling stm32f10x_usart.c...
compiling stm32f10x_gpio.c...
compiling stm32f10x_rcc.c...
compiling stm32f10x_flash.c...
compiling stm32f10x_exti.c...
compiling stm32f10x_spi.c...
compiling stm32f10x_dma.c...
compiling stm32f10x_i2c.c...
compiling stm32f10x_sdio.c...
compiling stm32f10x_tim.c...
compiling stm3210b_eval.c...
linking...
Program Size: Code=10460 RO-data=632 RW-data=972 ZI-data=5996  
FromELF: creating hex file...
".\STM3210B-EVAL\STM3210B-EVAL.axf" - 0 Error(s), 14 Warning(s).
Clean started: Project: 'VirtualCOMPort'
   deleting intermediate output files for target 'STM3210B-EVAL'
   deleting intermediate output files for target 'STM3210E-EVAL'
   deleting intermediate output files for target 'STM3210E-EVAL_XL'
